// Jest Snapshot v1, https://goo.gl/fbAQLP

exports[`Button Components should match snapshot 1`] = `
<div>
  <button
    class="button button-undefined"
  >
    Submit
  </button>
</div>
`;
