// Jest Snapshot v1, https://goo.gl/fbAQLP

exports[`Badge Components should match snapshot 1`] = `
<div>
  <span
    class="Badge Badge-anchorOriginTopRightRectangle Badge--primary"
  >
    0
  </span>
</div>
`;
